2026-09-23 12:06:07 [INFO] ============================================================
2026-09-23 12:06:07 [INFO] Запуск клиента: 2026-09-23T12:06:07
2026-09-23 12:06:07 [INFO] ============================================================
2026-09-23 12:06:22 [INFO] >>> GET /users
2026-09-23 12:06:22 [INFO] <<< 200 OK
2026-09-23 12:06:22 [INFO]     {"user1": {"name": "Алексей", "game": "Dota 2", "level": 42, "score": 15320, "playtime_hours": 210}, "user2": {"name": "Мария", "game": "Valorant", "level": 30, "score": 9870, "playtime_hours": 95}, "user3": {"name": "Игорь", "game": "CS2", "level": 55, "score": 21000, "playtime_hours": 340}}
2026-09-23 12:06:22 [INFO] ------------------------------------------------------------
2026-09-23 12:06:22 [INFO] >>> GET /users/user2
2026-09-23 12:06:22 [INFO] <<< 200 OK
2026-09-23 12:06:22 [INFO]     {"name": "Мария", "game": "Valorant", "level": 30, "score": 9870, "playtime_hours": 95}
2026-09-23 12:06:22 [INFO] ------------------------------------------------------------
2026-09-23 12:06:22 [INFO] >>> POST /users/user1/score
2026-09-23 12:06:22 [DEBUG]     body: {'score': 500}
2026-09-23 12:06:22 [INFO] <<< 200 OK
2026-09-23 12:06:22 [INFO]     {"name": "Алексей", "game": "Dota 2", "level": 42, "score": 15820, "playtime_hours": 210}
2026-09-23 12:06:22 [INFO] ------------------------------------------------------------
2026-09-23 12:06:22 [INFO] >>> GET /users/user99
2026-09-23 12:06:22 [INFO] <<< 404 Not Found
2026-09-23 12:06:22 [INFO]     {"error": "Пользователь не найден"}
2026-09-23 12:06:22 [INFO] ------------------------------------------------------------
2026-09-23 12:06:22 [INFO] >>> POST /users/user1/score
2026-09-23 12:06:22 [INFO] <<< 400 Bad Request
2026-09-23 12:06:22 [INFO]     {"error": "Тело запроса пустое"}
2026-09-23 12:06:22 [INFO] ------------------------------------------------------------
2026-09-23 12:06:22 [INFO] >>> POST /users/user1/score
2026-09-23 12:06:22 [DEBUG]     body: {'score': 'abc'}
2026-09-23 12:06:22 [INFO] <<< 400 Bad Request
2026-09-23 12:06:22 [INFO]     {"error": "Поле score должно быть числом"}
2026-09-23 12:06:22 [INFO] ------------------------------------------------------------
2026-09-23 12:06:22 [INFO] >>> POST /users/user1/score
2026-09-23 12:06:22 [DEBUG]     body: {"score": 100
2026-09-23 12:06:22 [INFO] <<< 400 Bad Request
2026-09-23 12:06:22 [INFO]     {"error": "Невалидный JSON"}
2026-09-23 12:06:22 [INFO] ------------------------------------------------------------
2026-09-23 12:06:22 [INFO] >>> GET /foo
2026-09-23 12:06:22 [INFO] <<< 404 Not Found
2026-09-23 12:06:22 [INFO]     {"error": "Маршрут не найден"}
2026-09-23 12:06:22 [INFO] ------------------------------------------------------------
2026-09-23 12:06:22 [INFO] >>> DELETE /users
2026-09-23 12:06:22 [INFO] <<< 405 Method Not Allowed
2026-09-23 12:06:22 [INFO]     {"error": "Метод не поддерживается"}
2026-09-23 12:06:22 [INFO] ------------------------------------------------------------
2026-09-23 12:06:22 [INFO] >>> GET /error
2026-09-23 12:06:22 [INFO] <<< 500 Internal Server Error
2026-09-23 12:06:22 [INFO]     {"error": "Внутренняя ошибка сервера"}
2026-09-23 12:06:22 [INFO] ------------------------------------------------------------
2026-09-23 12:06:22 [INFO] >>> POST /users/user1/score (обрыв соединения)
2026-09-23 12:06:22 [DEBUG]     body: {"score": (неполный JSON)
2026-09-23 12:06:22 [WARNING] Клиент разорвал соединение во время отправки запроса
2026-09-23 12:06:22 [INFO] ------------------------------------------------------------
2026-09-23 12:06:23 [INFO] >>> GET /users
2026-09-23 12:06:23 [INFO] <<< 200 OK
2026-09-23 12:06:23 [INFO]     {"user1": {"name": "Алексей", "game": "Dota 2", "level": 42, "score": 15820, "playtime_hours": 210}, "user2": {"name": "Мария", "game": "Valorant", "level": 30, "score": 9870, "playtime_hours": 95}, "user3": {"name": "Игорь", "game": "CS2", "level": 55, "score": 21000, "playtime_hours": 340}}
2026-09-23 12:06:23 [INFO] ------------------------------------------------------------
2026-09-23 12:06:54 [INFO] Клиент завершил работу
